== Abstract Syntax Tree ==
LogicalProject(a=[$0])
+- LogicalUnion(all=[true])
   :- LogicalProject(a=[$0], c=[$2])
   :  +- LogicalTableScan(table=[[builtin, default, t1]])
   +- LogicalProject(d=[$0], f=[$2])
      +- LogicalTableScan(table=[[builtin, default, t2]])

LogicalProject(total_sum=[AS($0, 'total_sum')])
+- LogicalAggregate(group=[{}], TMP_0=[SUM($0)])
   +- LogicalProject(a=[$0])
      +- LogicalUnion(all=[true])
         :- LogicalUnion(all=[true])
         :  :- LogicalProject(a=[$0], c=[$2])
         :  :  +- LogicalTableScan(table=[[builtin, default, t1]])
         :  +- LogicalProject(d=[$0], f=[$2])
         :     +- LogicalTableScan(table=[[builtin, default, t2]])
         +- LogicalProject(a=[$0], c=[$2])
            +- LogicalTableScan(table=[[builtin, default, t3]])

LogicalProject(total_min=[AS($0, 'total_min')])
+- LogicalAggregate(group=[{}], TMP_1=[MIN($0)])
   +- LogicalProject(a=[$0])
      +- LogicalUnion(all=[true])
         :- LogicalUnion(all=[true])
         :  :- LogicalProject(a=[$0], c=[$2])
         :  :  +- LogicalTableScan(table=[[builtin, default, t1]])
         :  +- LogicalProject(d=[$0], f=[$2])
         :     +- LogicalTableScan(table=[[builtin, default, t2]])
         +- LogicalProject(a=[$0], c=[$2])
            +- LogicalTableScan(table=[[builtin, default, t3]])

== Optimized Logical Plan ==
StreamExecUnion(all=[true], union=[a], updateAsRetraction=[false], accMode=[Acc], reuse_id=[1])
:- StreamExecCalc(select=[a], updateAsRetraction=[false], accMode=[Acc])
:  +- StreamExecCalc(select=[a, c], updateAsRetraction=[true], accMode=[Acc])
:     +- StreamExecDataStreamScan(table=[[builtin, default, t1]], updateAsRetraction=[true], accMode=[Acc])
+- StreamExecCalc(select=[d], updateAsRetraction=[false], accMode=[Acc])
   +- StreamExecCalc(select=[d, f], updateAsRetraction=[true], accMode=[Acc])
      +- StreamExecDataStreamScan(table=[[builtin, default, t2]], updateAsRetraction=[true], accMode=[Acc])

StreamExecSink(fields=[a], updateAsRetraction=[false], accMode=[Acc])
+- Reused(reference_id=[1])

StreamExecExchange(distribution=[single], updateAsRetraction=[true], accMode=[Acc], reuse_id=[2])
+- StreamExecUnion(all=[true], union=[a], updateAsRetraction=[true], accMode=[Acc])
   :- Reused(reference_id=[1])
   +- StreamExecCalc(select=[a], updateAsRetraction=[true], accMode=[Acc])
      +- StreamExecDataStreamScan(table=[[builtin, default, t3]], updateAsRetraction=[true], accMode=[Acc])

StreamExecSink(fields=[total_sum], updateAsRetraction=[false], accMode=[AccRetract])
+- StreamExecCalc(select=[TMP_0 AS total_sum], updateAsRetraction=[true], accMode=[AccRetract])
   +- StreamExecGroupAggregate(select=[SUM(a) AS TMP_0], updateAsRetraction=[true], accMode=[AccRetract])
      +- Reused(reference_id=[2])

StreamExecSink(fields=[total_min], updateAsRetraction=[false], accMode=[Acc])
+- StreamExecCalc(select=[TMP_1 AS total_min], updateAsRetraction=[false], accMode=[Acc])
   +- StreamExecGroupAggregate(select=[MIN(a) AS TMP_1], updateAsRetraction=[false], accMode=[Acc])
      +- Reused(reference_id=[2])

== Physical Execution Plan ==
 : Data Source
	content : collect elements with CollectionInputFormat

 : Data Source
	content : collect elements with CollectionInputFormat

 : Data Source
	content : collect elements with CollectionInputFormat

	 : Operator
		content : SourceConversion(table:[builtin, default, t1], fields:(a, b, c))
		ship_strategy : FORWARD

		 : Operator
			content : Calc(select: (a, c))
			ship_strategy : FORWARD

			 : Operator
				content : Calc(select: (a))
				ship_strategy : FORWARD

				 : Operator
					content : SourceConversion(table:[builtin, default, t2], fields:(d, e, f))
					ship_strategy : FORWARD

					 : Operator
						content : Calc(select: (d, f))
						ship_strategy : FORWARD

						 : Operator
							content : Calc(select: (d))
							ship_strategy : FORWARD

							 : Operator
								content : SinkConversion to Row
								ship_strategy : FORWARD

								 : Operator
									content : SourceConversion(table:[builtin, default, t3], fields:(a, b, c))
									ship_strategy : FORWARD

									 : Operator
										content : Calc(select: (a))
										ship_strategy : FORWARD

										 : Operator
											content : GroupAggregate(select: (SUM(a) AS TMP_0))
											ship_strategy : GLOBAL

											 : Operator
												content : Calc(select: (TMP_0 AS total_sum))
												ship_strategy : FORWARD

												 : Operator
													content : SinkConversion to Tuple2
													ship_strategy : FORWARD

													 : Operator
														content : Map
														ship_strategy : FORWARD

														 : Operator
															content : GroupAggregate(select: (MIN(a) AS TMP_1))
															ship_strategy : GLOBAL

															 : Operator
																content : Calc(select: (TMP_1 AS total_min))
																ship_strategy : FORWARD

																 : Data Sink
																	content : Sink: TestingAppendTableSink
																	ship_strategy : FORWARD

																	 : Data Sink
																		content : Sink: TestingRetractTableSink
																		ship_strategy : FORWARD

																		 : Data Sink
																			content : Sink: TestingUpsertTableSink(keys=())
																			ship_strategy : FORWARD

