== Abstract Syntax Tree ==
LogicalProject(a=[$0], b=[$1], c=[$2], rank_num=[$3])
  LogicalFilter(condition=[<=($3, 10)])
    LogicalProject(a=[$0], b=[$1], c=[$2], rank_num=[ROW_NUMBER() OVER (PARTITION BY $1 ORDER BY $2 DESC NULLS LAST ROWS BETWEEN UNBOUNDED PRECEDING AND CURRENT ROW)])
      LogicalTableScan(table=[[T]])

LogicalProject(a=[$0], b=[$1])
  LogicalFilter(condition=[<($0, 6)])
    LogicalTableScan(table=[[T]])

== Optimized Logical Plan ==
[[IntermediateTable=_DataStreamTable_2]]
StreamExecScan(table=[[_DataStreamTable_0]])
StreamExecScan(retract=[false], accMode=[Acc])

[[Sink]]
StreamExecRank(orderBy=[c DESC], partitionBy=[b], rankStart=[1], rankEnd=[10], strategy=[AppendFastRank], rank=[ROW_NUMBER], select=[*, rowNum])
  StreamExecExchange(distribution=[hash[b]])
    StreamExecScan(table=[[_DataStreamTable_2]])
StreamExecRank(retract=[true], accMode=[AccRetract])
  StreamExecExchange(retract=[false], accMode=[Acc])
    StreamExecScan(retract=[false], accMode=[Acc])

[[Sink]]
StreamExecCalc(select=[a, b], where=[<(a, 6)])
  StreamExecScan(table=[[_DataStreamTable_2]])
StreamExecCalc(retract=[false], accMode=[Acc])
  StreamExecScan(retract=[false], accMode=[Acc])

== Physical Execution Plan ==
 : Data Source
	content : collect elements with CollectionInputFormat

	 : Operator
		content : SourceConversion(table:[_DataStreamTable_0], fields:(a, b, c))
		ship_strategy : FORWARD

		 : Operator
			content : AppendFastRank(orderBy: (c DESC), partitionBy: (b), *, rowNum, rankStart: 1, rankEnd: 10)
			ship_strategy : HASH

			 : Operator
				content : SinkConversion to Tuple2
				ship_strategy : FORWARD

				 : Operator
					content : Map
					ship_strategy : FORWARD

					 : Operator
						content : Calc(where: (a < 6), select: (a, b))
						ship_strategy : FORWARD

						 : Operator
							content : SinkConversion to Tuple2
							ship_strategy : FORWARD

							 : Data Sink
								content : Sink: TestingRetractTableSink
								ship_strategy : FORWARD

								 : Data Sink
									content : Sink: TestingUpsertTableSink(keys=())
									ship_strategy : FORWARD

