== Abstract Syntax Tree ==
LogicalUnion(all=[true])
  LogicalTableScan(table=[[_DataStreamTable_0]])
  LogicalTableScan(table=[[_DataStreamTable_1]])

== Optimized Logical Plan ==
StreamExecUnion(all=[true], union all=[count, word])
  StreamExecScan(table=[[_DataStreamTable_0]])
  StreamExecScan(table=[[_DataStreamTable_1]])

== Physical Execution Plan ==
 : Data Source
	content : collect elements with CollectionInputFormat

 : Data Source
	content : collect elements with CollectionInputFormat

	 : Operator
		content : SourceConversion(table:[_DataStreamTable_0], fields:(count, word))
		ship_strategy : FORWARD

		 : Operator
			content : SourceConversion(table:[_DataStreamTable_1], fields:(count, word))
			ship_strategy : FORWARD

