== Abstract Syntax Tree ==
LogicalProject(a=[$0])
  LogicalFilter(condition=[>($0, 6)])
    LogicalTableScan(table=[[T]])

LogicalProject(a=[$0], b=[$1])
  LogicalFilter(condition=[<($0, 6)])
    LogicalTableScan(table=[[T]])

== Optimized Logical Plan ==
[[IntermediateTable=_DataStreamTable_2]]
StreamExecRank(rankFunction=[ROW_NUMBER], partitionBy=[b], orderBy=[c DESC], rankRange=[rankStart=1, rankEnd=10], strategy=[AppendFastRank], select=[*, rowNum])
  StreamExecExchange(distribution=[hash[b]])
    StreamExecDataStreamScan(table=[[_DataStreamTable_0]])
StreamExecRank(retract=[true], accMode=[AccRetract])
  StreamExecExchange(retract=[false], accMode=[Acc])
    StreamExecDataStreamScan(retract=[false], accMode=[Acc])

[[Sink]]
StreamExecCalc(select=[a], where=[>(a, 6)])
  StreamExecDataStreamScan(table=[[_DataStreamTable_2]])
StreamExecCalc(retract=[true], accMode=[AccRetract])
  StreamExecDataStreamScan(retract=[true], accMode=[AccRetract])

[[Sink]]
StreamExecCalc(select=[a, b], where=[<(a, 6)])
  StreamExecDataStreamScan(table=[[_DataStreamTable_2]])
StreamExecCalc(retract=[false], accMode=[AccRetract])
  StreamExecDataStreamScan(retract=[false], accMode=[AccRetract])

== Physical Execution Plan ==
 : Data Source
	content : collect elements with CollectionInputFormat

	 : Operator
		content : SourceConversion(table:[_DataStreamTable_0], fields:(a, b, c))
		ship_strategy : FORWARD

		 : Operator
			content : AppendFastRank(orderBy: (c DESC), partitionBy: (b), *, rowNum, rankStart=1, rankEnd=10)
			ship_strategy : HASH

			 : Operator
				content : Calc(where: (a > 6), select: (a))
				ship_strategy : FORWARD

				 : Operator
					content : SinkConversion to Tuple2
					ship_strategy : FORWARD

					 : Operator
						content : Map
						ship_strategy : FORWARD

						 : Operator
							content : Calc(where: (a < 6), select: (a, b))
							ship_strategy : FORWARD

							 : Data Sink
								content : Sink: TestingRetractTableSink
								ship_strategy : FORWARD

								 : Data Sink
									content : Sink: TestingUpsertTableSink(keys=())
									ship_strategy : FORWARD

