== Abstract Syntax Tree ==
LogicalCorrelate(correlation=[$cor3], joinType=[inner], requiredColumns=[{}])
  LogicalFilter(condition=[=($0, $6)])
    LogicalJoin(condition=[true], joinType=[inner])
      LogicalFilter(condition=[=($1, $4)])
        LogicalJoin(condition=[true], joinType=[inner])
          LogicalTableScan(table=[[t1]])
          LogicalTableScan(table=[[t2]])
      LogicalTableScan(table=[[t3]])
  LogicalTableFunctionScan(invocation=[org$apache$flink$table$util$TableFunc1$1fa5efd95b4ed8403438ecea56e662a2($5)], rowType=[RecordType(VARCHAR(65536) f1)], elementType=[class [Ljava.lang.Object;])

== Optimized Logical Plan ==
[[Sink]]
StreamExecSink(fields=[a, b, c, d, e, f, i, j, k, l, m, f1])
  StreamExecCorrelate(invocation=[org$apache$flink$table$util$TableFunc1$1fa5efd95b4ed8403438ecea56e662a2($5)], correlate=[table(TableFunc1(f))], select=[a,b,c,d,e,f,i,j,k,l,m,f1], rowType=[RecordType(INTEGER a, BIGINT b, VARCHAR(65536) c, INTEGER d, BIGINT e, VARCHAR(65536) f, INTEGER i, BIGINT j, INTEGER k, VARCHAR(65536) l, BIGINT m, VARCHAR(65536) f1)], joinType=[INNER])
    StreamExecJoin(where=[=(a, i)], join=[a, b, c, d, e, f, i, j, k, l, m], joinType=[InnerJoin])
      StreamExecExchange(distribution=[hash[a]])
        StreamExecJoin(where=[=(b, e)], join=[a, b, c, d, e, f], joinType=[InnerJoin])
          StreamExecExchange(distribution=[hash[b]])
            StreamExecDataStreamScan(table=[[t1]])
          StreamExecExchange(distribution=[hash[e]])
            StreamExecDataStreamScan(table=[[t2]])
      StreamExecExchange(distribution=[hash[i]])
        StreamExecDataStreamScan(table=[[t3]])
StreamExecSink(retract=[false], accMode=[Acc])
  StreamExecCorrelate(retract=[false], accMode=[Acc])
    StreamExecJoin(retract=[false], accMode=[Acc])
      StreamExecExchange(retract=[true], accMode=[Acc])
        StreamExecJoin(retract=[true], accMode=[Acc])
          StreamExecExchange(retract=[true], accMode=[Acc])
            StreamExecDataStreamScan(retract=[true], accMode=[Acc])
          StreamExecExchange(retract=[true], accMode=[Acc])
            StreamExecDataStreamScan(retract=[true], accMode=[Acc])
      StreamExecExchange(retract=[true], accMode=[Acc])
        StreamExecDataStreamScan(retract=[true], accMode=[Acc])

== Physical Execution Plan ==
 : Data Source
	content : collect elements with CollectionInputFormat

 : Data Source
	content : collect elements with CollectionInputFormat

 : Data Source
	content : collect elements with CollectionInputFormat

	 : Operator
		content : SourceConversion(table:[t1], fields:(a, b, c))
		ship_strategy : FORWARD

		 : Operator
			content : SourceConversion(table:[t2], fields:(d, e, f))
			ship_strategy : FORWARD

			 : Operator
				content : InnerJoin(where: (=(b, e)), join: (a, b, c, d, e, f))
				ship_strategy : HASH

				 : Operator
					content : SourceConversion(table:[t3], fields:(i, j, k, l, m))
					ship_strategy : FORWARD

					 : Operator
						content : InnerJoin(where: (=(a, i)), join: (a, b, c, d, e, f, i, j, k, l, m))
						ship_strategy : HASH

						 : Operator
							content : correlate: table(TableFunc1(f)), select: a,b,c,d,e,f,i,j,k,l,m,f1
							ship_strategy : FORWARD

							 : Data Sink
								content : Sink: csv sink: file
								ship_strategy : FORWARD

